// Jest Snapshot v1, https://goo.gl/fbAQLP

exports[`getSyntacticDiagnostics should report syntax issues in a vue file 1`] = `
Array [
  Array [
    "Expression expected.",
    Object {
      "line": 4,
      "offset": 18,
    },
  ],
  Array [
    "',' expected.",
    Object {
      "line": 8,
      "offset": 3,
    },
  ],
]
`;
