// Jest Snapshot v1, https://goo.gl/fbAQLP

exports[`getSemanticDiagnostics should report semantic issues in a vue file 1`] = `
Array [
  Array [
    "Type '4' is not assignable to type 'string'.",
    Object {
      "line": 4,
      "offset": 7,
    },
  ],
]
`;
