// Jest Snapshot v1, https://goo.gl/fbAQLP

exports[`getSuggestionDiagnostics should report suggestions in a vue file 1`] = `
Array [
  Array [
    "'foo' is declared but its value is never read.",
    Object {
      "line": 4,
      "offset": 7,
    },
  ],
]
`;
