// Jest Snapshot v1, https://goo.gl/fbAQLP

exports[`VueVirtualDocument/baseline javascript/src/App.vue 1`] = `
import _Ctx from './App.vue?internal'
import HelloWorld from './components/HelloWorld.vue'


export function render(_ctx: InstanceType<typeof _Ctx>) {
  return /*@@vue:start*/<main><h1>A sample vue application</h1><HelloWorld name="Rahul"/></main>/*@@vue:end*/
}
// Version 0

`;

exports[`VueVirtualDocument/baseline javascript/src/components/HelloWorld.vue 1`] = `
import _Ctx from './HelloWorld.vue?internal'


export function render({name}: InstanceType<typeof _Ctx>) {
  return /*@@vue:start*/<p>Hello {name}!</p>/*@@vue:end*/
}
// Version 0

`;

exports[`VueVirtualDocument/baseline javascript-with-config/src/App.vue 1`] = `
import _Ctx from './App.vue?internal'
import HelloWorld from './components/HelloWorld.vue'


export function render(_ctx: InstanceType<typeof _Ctx>) {
  return /*@@vue:start*/<main><h1>A sample vue application</h1><HelloWorld name="Rahul"/></main>/*@@vue:end*/
}
// Version 0

`;

exports[`VueVirtualDocument/baseline javascript-with-config/src/components/HelloWorld.vue 1`] = `
import _Ctx from './HelloWorld.vue?internal'


export function render({name}: InstanceType<typeof _Ctx>) {
  return /*@@vue:start*/<p>Hello {name}!</p>/*@@vue:end*/
}
// Version 0

`;

exports[`VueVirtualDocument/baseline typescript/src/App.vue 1`] = `
import _Ctx from './App.vue?internal'
import HelloWorld from './components/HelloWorld.vue'


export function render(_ctx: InstanceType<typeof _Ctx>) {
  return /*@@vue:start*/<main><h1>A sample vue application</h1><HelloWorld name="Rahul"/></main>/*@@vue:end*/
}
// Version 0

`;

exports[`VueVirtualDocument/baseline typescript/src/components/HelloWorld.vue 1`] = `
import _Ctx from './HelloWorld.vue?internal'


export function render({name}: InstanceType<typeof _Ctx>) {
  return /*@@vue:start*/<p>Hello {name}!</p>/*@@vue:end*/
}
// Version 0

`;

exports[`VueVirtualDocument/baseline typescript-with-config/src/App.vue 1`] = `
import _Ctx from './App.vue?internal'
import HelloWorld from './components/HelloWorld.vue'


export function render(_ctx: InstanceType<typeof _Ctx>) {
  return /*@@vue:start*/<main><h1>A sample vue application</h1><HelloWorld name="Rahul"/></main>/*@@vue:end*/
}
// Version 0

`;

exports[`VueVirtualDocument/baseline typescript-with-config/src/components/HelloWorld.vue 1`] = `
import _Ctx from './HelloWorld.vue?internal'


export function render({name}: InstanceType<typeof _Ctx>) {
  return /*@@vue:start*/<p>Hello {name}!</p>/*@@vue:end*/
}
// Version 0

`;
